OPENCL_1.0 {
global:
    clGetPlatformIDs;
    clGetPlatformInfo;
    clGetDeviceIDs;
    clGetDeviceInfo;
    clBuildProgram;
    clCreateBuffer;
    clCreateCommandQueue;
    clCreateContext;
    clCreateContextFromType;
    clCreateImage2D;
    clCreateImage3D;
    clCreateKernel;
    clCreateKernelsInProgram;
    clCreateProgramWithBinary;
    clCreateProgramWithSource;
    clCreateSampler;
    clEnqueueBarrier;
    clEnqueueCopyBuffer;
    clEnqueueCopyBufferToImage;
    clEnqueueCopyImage;
    clEnqueueCopyImageToBuffer;
    clEnqueueMapBuffer;
    clEnqueueMapImage;
    clEnqueueMarker;
    clEnqueueNDRangeKernel;
    clEnqueueNativeKernel;
    clEnqueueReadBuffer;
    clEnqueueReadImage;
    clEnqueueTask;
    clEnqueueUnmapMemObject;
    clEnqueueWaitForEvents;
    clEnqueueWriteBuffer;
    clEnqueueWriteImage;
    clFinish;
    clFlush;
    clGetCommandQueueInfo;
    clGetContextInfo;
    clGetEventInfo;
    clGetEventProfilingInfo;
    clGetExtensionFunctionAddress;
    clGetImageInfo;
    clGetKernelInfo;
    clGetKernelWorkGroupInfo;
    clGetMemObjectInfo;
    clGetProgramBuildInfo;
    clGetProgramInfo;
    clGetSamplerInfo;
    clGetSupportedImageFormats;
    clReleaseCommandQueue;
    clReleaseContext;
    clReleaseEvent;
    clReleaseKernel;
    clReleaseMemObject;
    clReleaseProgram;
    clReleaseSampler;
    clRetainCommandQueue;
    clRetainContext;
    clRetainEvent;
    clRetainKernel;
    clRetainMemObject;
    clRetainProgram;
    clRetainSampler;
    clSetCommandQueueProperty;
    clSetKernelArg;
    clUnloadCompiler;
    clWaitForEvents;
local:
    *;
};

OPENCL_1.1 {
    clCreateUserEvent;
    clSetUserEventStatus;
    clSetEventCallback;
    clSetMemObjectDestructorCallback;
    clCreateSubBuffer;
    clEnqueueReadBufferRect;
    clEnqueueWriteBufferRect;
    clEnqueueCopyBufferRect;
} OPENCL_1.0;

OPENCL_1.2 {
    clCompileProgram;
    clCreateImage;
    clCreateProgramWithBuiltInKernels;
    clCreateSubDevices;
    clEnqueueBarrierWithWaitList;
    clEnqueueFillBuffer;
    clEnqueueFillImage;
    clEnqueueMarkerWithWaitList;
    clEnqueueMigrateMemObjects;
    clGetExtensionFunctionAddressForPlatform;
    clGetKernelArgInfo;
    clLinkProgram;
    clReleaseDevice;
    clRetainDevice;
    clUnloadPlatformCompiler;
} OPENCL_1.1;

OPENCL_2.0 {
    clCreateCommandQueueWithProperties;
    clCreateSamplerWithProperties;
    clSVMAlloc;
    clSVMFree;
    clEnqueueSVMFree;
    clEnqueueSVMMemcpy;
    clEnqueueSVMMemFill;
    clEnqueueSVMMap;
    clEnqueueSVMUnmap;
    clSetKernelArgSVMPointer;
    clSetKernelExecInfo;
} OPENCL_1.2;

OPENCL_2.1 {
    clEnqueueSVMMigrateMem;
} OPENCL_2.0;

OPENCL_2.2 {
} OPENCL_2.1;

